AR bit4mul rtl C:/Xilinx/Projets/AES_Group_3/AES_Group_3/Sbox/Functions/Bit4Mul.vhd sub00/vhpl17 1455632190
EN bit4mul NULL C:/Xilinx/Projets/AES_Group_3/AES_Group_3/Sbox/Functions/Bit4Mul.vhd sub00/vhpl16 1455632189
EN mux2 NULL C:/Xilinx/Projets/AES_Group_3/AES_Group_3/Sbox/Functions/Mux2-1.vhd sub00/vhpl08 1455632003
AR mdeltaaffine rtl C:/Xilinx/Projets/AES_Group_3/AES_Group_3/Sbox/Functions/MDeltaAffine.vhd sub00/vhpl07 1455632002
AR mlamda rtl C:/Xilinx/Projets/AES_Group_3/AES_Group_3/Sbox/Functions/MultiplyLamda.vhd sub00/vhpl15 1455632010
AR latch4 rtl C:/Xilinx/Projets/AES_Group_3/AES_Group_3/Sbox/Functions/Latch.vhd sub00/vhpl11 1455632006
AR squarex rtl C:/Xilinx/Projets/AES_Group_3/AES_Group_3/Sbox/Functions/SquareX.vhd sub00/vhpl13 1455632008
AR bit2mul rtl C:/Xilinx/Projets/AES_Group_3/AES_Group_3/Sbox/Functions/Bit2Mul.vhd sub00/vhpl01 1455632186
EN squarex NULL C:/Xilinx/Projets/AES_Group_3/AES_Group_3/Sbox/Functions/SquareX.vhd sub00/vhpl12 1455632007
EN mdelta NULL C:/Xilinx/Projets/AES_Group_3/AES_Group_3/Sbox/Functions/MDelta.vhd sub00/vhpl04 1455631999
AR phi rtl C:/Xilinx/Projets/AES_Group_3/AES_Group_3/Sbox/Functions/Phi.vhd sub00/vhpl03 1455632188
EN mlamda NULL C:/Xilinx/Projets/AES_Group_3/AES_Group_3/Sbox/Functions/MultiplyLamda.vhd sub00/vhpl14 1455632009
EN latch4 NULL C:/Xilinx/Projets/AES_Group_3/AES_Group_3/Sbox/Functions/Latch.vhd sub00/vhpl10 1455632005
EN phi NULL C:/Xilinx/Projets/AES_Group_3/AES_Group_3/Sbox/Functions/Phi.vhd sub00/vhpl02 1455632187
EN mdeltaaffine NULL C:/Xilinx/Projets/AES_Group_3/AES_Group_3/Sbox/Functions/MDeltaAffine.vhd sub00/vhpl06 1455632001
EN bit2mul NULL C:/Xilinx/Projets/AES_Group_3/AES_Group_3/Sbox/Functions/Bit2Mul.vhd sub00/vhpl00 1455632185
AR mux2 rtl C:/Xilinx/Projets/AES_Group_3/AES_Group_3/Sbox/Functions/Mux2-1.vhd sub00/vhpl09 1455632004
AR mdelta rtl C:/Xilinx/Projets/AES_Group_3/AES_Group_3/Sbox/Functions/MDelta.vhd sub00/vhpl05 1455632000
