AR bit4mul rtl C:/Xilinx/Projets/AES_Group_3/AES_Group_3/Sbox/Functions/Bit4Mul.vhd sub00/vhpl17 1455636417
EN bit4mul NULL C:/Xilinx/Projets/AES_Group_3/AES_Group_3/Sbox/Functions/Bit4Mul.vhd sub00/vhpl16 1455636416
EN mux2 NULL C:/Xilinx/Projets/AES_Group_3/AES_Group_3/Sbox/Functions/Mux2-1.vhd sub00/vhpl08 1455636408
AR invert rtl C:/Xilinx/Projets/AES_Group_3/AES_Group_3/Sbox/Functions/Invert.vhd sub00/vhpl19 1455636419
AR mdeltaaffine rtl C:/Xilinx/Projets/AES_Group_3/AES_Group_3/Sbox/Functions/MDeltaAffine.vhd sub00/vhpl07 1455636407
AR mlamda rtl C:/Xilinx/Projets/AES_Group_3/AES_Group_3/Sbox/Functions/MultiplyLamda.vhd sub00/vhpl15 1455636415
AR sbox rtl C:/Xilinx/Projets/AES_Group_3/AES_Group_3/Sbox/SBox.vhd sub00/vhpl27 1455636427
AR latch8 rtl C:/Xilinx/Projets/AES_Group_3/AES_Group_3/Sbox/Functions/Latch8.vhd sub00/vhpl21 1455636421
AR latch4 rtl C:/Xilinx/Projets/AES_Group_3/AES_Group_3/Sbox/Functions/Latch.vhd sub00/vhpl11 1455636411
EN invert NULL C:/Xilinx/Projets/AES_Group_3/AES_Group_3/Sbox/Functions/Invert.vhd sub00/vhpl18 1455636418
AR squarex rtl C:/Xilinx/Projets/AES_Group_3/AES_Group_3/Sbox/Functions/SquareX.vhd sub00/vhpl13 1455636413
AR ideltaaffine rtl C:/Xilinx/Projets/AES_Group_3/AES_Group_3/Sbox/Functions/IDeltaAffine.vhd sub00/vhpl23 1455636423
AR bit2mul rtl C:/Xilinx/Projets/AES_Group_3/AES_Group_3/Sbox/Functions/Bit2Mul.vhd sub00/vhpl01 1455636401
AR idelta rtl C:/Xilinx/Projets/AES_Group_3/AES_Group_3/Sbox/Functions/IDelta.vhd sub00/vhpl25 1455636425
EN squarex NULL C:/Xilinx/Projets/AES_Group_3/AES_Group_3/Sbox/Functions/SquareX.vhd sub00/vhpl12 1455636412
EN mdelta NULL C:/Xilinx/Projets/AES_Group_3/AES_Group_3/Sbox/Functions/MDelta.vhd sub00/vhpl04 1455636404
AR phi rtl C:/Xilinx/Projets/AES_Group_3/AES_Group_3/Sbox/Functions/Phi.vhd sub00/vhpl03 1455636403
EN mlamda NULL C:/Xilinx/Projets/AES_Group_3/AES_Group_3/Sbox/Functions/MultiplyLamda.vhd sub00/vhpl14 1455636414
EN sbox NULL C:/Xilinx/Projets/AES_Group_3/AES_Group_3/Sbox/SBox.vhd sub00/vhpl26 1455636426
EN latch4 NULL C:/Xilinx/Projets/AES_Group_3/AES_Group_3/Sbox/Functions/Latch.vhd sub00/vhpl10 1455636410
EN phi NULL C:/Xilinx/Projets/AES_Group_3/AES_Group_3/Sbox/Functions/Phi.vhd sub00/vhpl02 1455636402
EN latch8 NULL C:/Xilinx/Projets/AES_Group_3/AES_Group_3/Sbox/Functions/Latch8.vhd sub00/vhpl20 1455636420
EN mdeltaaffine NULL C:/Xilinx/Projets/AES_Group_3/AES_Group_3/Sbox/Functions/MDeltaAffine.vhd sub00/vhpl06 1455636406
EN bit2mul NULL C:/Xilinx/Projets/AES_Group_3/AES_Group_3/Sbox/Functions/Bit2Mul.vhd sub00/vhpl00 1455636400
AR mux2 rtl C:/Xilinx/Projets/AES_Group_3/AES_Group_3/Sbox/Functions/Mux2-1.vhd sub00/vhpl09 1455636409
EN idelta NULL C:/Xilinx/Projets/AES_Group_3/AES_Group_3/Sbox/Functions/IDelta.vhd sub00/vhpl24 1455636424
AR mdelta rtl C:/Xilinx/Projets/AES_Group_3/AES_Group_3/Sbox/Functions/MDelta.vhd sub00/vhpl05 1455636405
EN ideltaaffine NULL C:/Xilinx/Projets/AES_Group_3/AES_Group_3/Sbox/Functions/IDeltaAffine.vhd sub00/vhpl22 1455636422
