AR bit4mul rtl C:/Xilinx/Projets/AES_Group_3/AES_Group_3/Sbox/Functions/Bit4Mul.vhd sub00/vhpl17 1455716321
EN bit4mul NULL C:/Xilinx/Projets/AES_Group_3/AES_Group_3/Sbox/Functions/Bit4Mul.vhd sub00/vhpl16 1455716320
EN mux2 NULL C:/Xilinx/Projets/AES_Group_3/AES_Group_3/Sbox/Functions/Mux2-1.vhd sub00/vhpl08 1455716312
AR invert rtl C:/Xilinx/Projets/AES_Group_3/AES_Group_3/Sbox/Functions/Invert.vhd sub00/vhpl19 1455716323
AR mdeltaaffine rtl C:/Xilinx/Projets/AES_Group_3/AES_Group_3/Sbox/Functions/MDeltaAffine.vhd sub00/vhpl07 1455716311
AR mlamda rtl C:/Xilinx/Projets/AES_Group_3/AES_Group_3/Sbox/Functions/MultiplyLamda.vhd sub00/vhpl15 1455716319
AR sbox rtl C:/Xilinx/Projets/AES_Group_3/AES_Group_3/Sbox/SBox.vhd sub00/vhpl27 1455716331
AR latch8 rtl C:/Xilinx/Projets/AES_Group_3/AES_Group_3/Sbox/Functions/Latch8.vhd sub00/vhpl21 1455716325
AR latch4 rtl C:/Xilinx/Projets/AES_Group_3/AES_Group_3/Sbox/Functions/Latch.vhd sub00/vhpl11 1455716315
EN invert NULL C:/Xilinx/Projets/AES_Group_3/AES_Group_3/Sbox/Functions/Invert.vhd sub00/vhpl18 1455716322
AR squarex rtl C:/Xilinx/Projets/AES_Group_3/AES_Group_3/Sbox/Functions/SquareX.vhd sub00/vhpl13 1455716317
AR ideltaaffine rtl C:/Xilinx/Projets/AES_Group_3/AES_Group_3/Sbox/Functions/IDeltaAffine.vhd sub00/vhpl23 1455716327
AR bit2mul rtl C:/Xilinx/Projets/AES_Group_3/AES_Group_3/Sbox/Functions/Bit2Mul.vhd sub00/vhpl01 1455716305
AR idelta rtl C:/Xilinx/Projets/AES_Group_3/AES_Group_3/Sbox/Functions/IDelta.vhd sub00/vhpl25 1455716329
EN squarex NULL C:/Xilinx/Projets/AES_Group_3/AES_Group_3/Sbox/Functions/SquareX.vhd sub00/vhpl12 1455716316
EN mdelta NULL C:/Xilinx/Projets/AES_Group_3/AES_Group_3/Sbox/Functions/MDelta.vhd sub00/vhpl04 1455716308
AR phi rtl C:/Xilinx/Projets/AES_Group_3/AES_Group_3/Sbox/Functions/Phi.vhd sub00/vhpl03 1455716307
EN mlamda NULL C:/Xilinx/Projets/AES_Group_3/AES_Group_3/Sbox/Functions/MultiplyLamda.vhd sub00/vhpl14 1455716318
EN sbox NULL C:/Xilinx/Projets/AES_Group_3/AES_Group_3/Sbox/SBox.vhd sub00/vhpl26 1455716330
EN latch4 NULL C:/Xilinx/Projets/AES_Group_3/AES_Group_3/Sbox/Functions/Latch.vhd sub00/vhpl10 1455716314
EN phi NULL C:/Xilinx/Projets/AES_Group_3/AES_Group_3/Sbox/Functions/Phi.vhd sub00/vhpl02 1455716306
EN latch8 NULL C:/Xilinx/Projets/AES_Group_3/AES_Group_3/Sbox/Functions/Latch8.vhd sub00/vhpl20 1455716324
EN mdeltaaffine NULL C:/Xilinx/Projets/AES_Group_3/AES_Group_3/Sbox/Functions/MDeltaAffine.vhd sub00/vhpl06 1455716310
EN bit2mul NULL C:/Xilinx/Projets/AES_Group_3/AES_Group_3/Sbox/Functions/Bit2Mul.vhd sub00/vhpl00 1455716304
AR mux2 rtl C:/Xilinx/Projets/AES_Group_3/AES_Group_3/Sbox/Functions/Mux2-1.vhd sub00/vhpl09 1455716313
EN idelta NULL C:/Xilinx/Projets/AES_Group_3/AES_Group_3/Sbox/Functions/IDelta.vhd sub00/vhpl24 1455716328
AR mdelta rtl C:/Xilinx/Projets/AES_Group_3/AES_Group_3/Sbox/Functions/MDelta.vhd sub00/vhpl05 1455716309
EN ideltaaffine NULL C:/Xilinx/Projets/AES_Group_3/AES_Group_3/Sbox/Functions/IDeltaAffine.vhd sub00/vhpl22 1455716326
