V3 55
FL C:/Xilinx/Projets/AES_Group_3/AES_Group_3/Sbox/Functions/Bit2Mul.vhd 2016/02/17.13:36:41 P.58f
EN work/Bit2Mul 1455716304 \
      FL C:/Xilinx/Projets/AES_Group_3/AES_Group_3/Sbox/Functions/Bit2Mul.vhd \
      PB ieee/std_logic_1164 1364358218
AR work/Bit2Mul/RTL 1455716305 \
      FL C:/Xilinx/Projets/AES_Group_3/AES_Group_3/Sbox/Functions/Bit2Mul.vhd \
      EN work/Bit2Mul 1455716304
FL C:/Xilinx/Projets/AES_Group_3/AES_Group_3/Sbox/Functions/Bit4Mul.vhd 2016/02/16.15:23:46 P.58f
EN work/Bit4Mul 1455716320 \
      FL C:/Xilinx/Projets/AES_Group_3/AES_Group_3/Sbox/Functions/Bit4Mul.vhd \
      PB ieee/std_logic_1164 1364358218
AR work/Bit4Mul/RTL 1455716321 \
      FL C:/Xilinx/Projets/AES_Group_3/AES_Group_3/Sbox/Functions/Bit4Mul.vhd \
      EN work/Bit4Mul 1455716320 CP work/Bit2Mul CP work/Phi
FL C:/Xilinx/Projets/AES_Group_3/AES_Group_3/Sbox/Functions/IDelta.vhd 2016/02/16.15:26:12 P.58f
EN work/IDelta 1455716328 \
      FL C:/Xilinx/Projets/AES_Group_3/AES_Group_3/Sbox/Functions/IDelta.vhd \
      PB ieee/std_logic_1164 1364358218
AR work/IDelta/RTL 1455716329 \
      FL C:/Xilinx/Projets/AES_Group_3/AES_Group_3/Sbox/Functions/IDelta.vhd \
      EN work/IDelta 1455716328
FL C:/Xilinx/Projets/AES_Group_3/AES_Group_3/Sbox/Functions/IDeltaAffine.vhd 2016/02/16.15:25:57 P.58f
EN work/IDeltaAffine 1455716326 \
      FL C:/Xilinx/Projets/AES_Group_3/AES_Group_3/Sbox/Functions/IDeltaAffine.vhd \
      PB ieee/std_logic_1164 1364358218
AR work/IDeltaAffine/RTL 1455716327 \
      FL C:/Xilinx/Projets/AES_Group_3/AES_Group_3/Sbox/Functions/IDeltaAffine.vhd \
      EN work/IDeltaAffine 1455716326
FL C:/Xilinx/Projets/AES_Group_3/AES_Group_3/Sbox/Functions/Invert.vhd 2016/02/15.13:01:59 P.58f
EN work/Invert 1455716322 \
      FL C:/Xilinx/Projets/AES_Group_3/AES_Group_3/Sbox/Functions/Invert.vhd \
      PB ieee/std_logic_1164 1364358218
AR work/Invert/RTL 1455716323 \
      FL C:/Xilinx/Projets/AES_Group_3/AES_Group_3/Sbox/Functions/Invert.vhd \
      EN work/Invert 1455716322
FL C:/Xilinx/Projets/AES_Group_3/AES_Group_3/Sbox/Functions/Latch.vhd 2016/02/16.15:19:12 P.58f
EN work/Latch4 1455716314 \
      FL C:/Xilinx/Projets/AES_Group_3/AES_Group_3/Sbox/Functions/Latch.vhd \
      PB ieee/std_logic_1164 1364358218
AR work/Latch4/RTL 1455716315 \
      FL C:/Xilinx/Projets/AES_Group_3/AES_Group_3/Sbox/Functions/Latch.vhd \
      EN work/Latch4 1455716314
FL C:/Xilinx/Projets/AES_Group_3/AES_Group_3/Sbox/Functions/Latch8.vhd 2016/02/16.15:25:24 P.58f
EN work/Latch8 1455716324 \
      FL C:/Xilinx/Projets/AES_Group_3/AES_Group_3/Sbox/Functions/Latch8.vhd \
      PB ieee/std_logic_1164 1364358218
AR work/Latch8/RTL 1455716325 \
      FL C:/Xilinx/Projets/AES_Group_3/AES_Group_3/Sbox/Functions/Latch8.vhd \
      EN work/Latch8 1455716324
FL C:/Xilinx/Projets/AES_Group_3/AES_Group_3/Sbox/Functions/MDelta.vhd 2016/02/16.15:15:42 P.58f
EN work/MDelta 1455716308 \
      FL C:/Xilinx/Projets/AES_Group_3/AES_Group_3/Sbox/Functions/MDelta.vhd \
      PB ieee/std_logic_1164 1364358218
AR work/MDelta/RTL 1455716309 \
      FL C:/Xilinx/Projets/AES_Group_3/AES_Group_3/Sbox/Functions/MDelta.vhd \
      EN work/MDelta 1455716308
FL C:/Xilinx/Projets/AES_Group_3/AES_Group_3/Sbox/Functions/MDeltaAffine.vhd 2016/02/16.15:15:43 P.58f
EN work/MDeltaAffine 1455716310 \
      FL C:/Xilinx/Projets/AES_Group_3/AES_Group_3/Sbox/Functions/MDeltaAffine.vhd \
      PB ieee/std_logic_1164 1364358218
AR work/MDeltaAffine/RTL 1455716311 \
      FL C:/Xilinx/Projets/AES_Group_3/AES_Group_3/Sbox/Functions/MDeltaAffine.vhd \
      EN work/MDeltaAffine 1455716310
FL C:/Xilinx/Projets/AES_Group_3/AES_Group_3/Sbox/Functions/MultiplyLamda.vhd 2016/02/16.15:20:20 P.58f
EN work/MLamda 1455716318 \
      FL C:/Xilinx/Projets/AES_Group_3/AES_Group_3/Sbox/Functions/MultiplyLamda.vhd \
      PB ieee/std_logic_1164 1364358218
AR work/MLamda/RTL 1455716319 \
      FL C:/Xilinx/Projets/AES_Group_3/AES_Group_3/Sbox/Functions/MultiplyLamda.vhd \
      EN work/MLamda 1455716318
FL C:/Xilinx/Projets/AES_Group_3/AES_Group_3/Sbox/Functions/Mux2-1.vhd 2016/02/16.15:16:23 P.58f
EN work/Mux2 1455716312 \
      FL C:/Xilinx/Projets/AES_Group_3/AES_Group_3/Sbox/Functions/Mux2-1.vhd \
      PB ieee/std_logic_1164 1364358218
AR work/Mux2/RTL 1455716313 \
      FL C:/Xilinx/Projets/AES_Group_3/AES_Group_3/Sbox/Functions/Mux2-1.vhd \
      EN work/Mux2 1455716312
FL C:/Xilinx/Projets/AES_Group_3/AES_Group_3/Sbox/Functions/Phi.vhd 2016/02/17.13:35:46 P.58f
EN work/Phi 1455716306 \
      FL C:/Xilinx/Projets/AES_Group_3/AES_Group_3/Sbox/Functions/Phi.vhd \
      PB ieee/std_logic_1164 1364358218
AR work/Phi/RTL 1455716307 \
      FL C:/Xilinx/Projets/AES_Group_3/AES_Group_3/Sbox/Functions/Phi.vhd \
      EN work/Phi 1455716306
FL C:/Xilinx/Projets/AES_Group_3/AES_Group_3/Sbox/Functions/SquareX.vhd 2016/02/16.15:19:07 P.58f
EN work/SquareX 1455716316 \
      FL C:/Xilinx/Projets/AES_Group_3/AES_Group_3/Sbox/Functions/SquareX.vhd \
      PB ieee/std_logic_1164 1364358218
AR work/SquareX/RTL 1455716317 \
      FL C:/Xilinx/Projets/AES_Group_3/AES_Group_3/Sbox/Functions/SquareX.vhd \
      EN work/SquareX 1455716316
FL C:/Xilinx/Projets/AES_Group_3/AES_Group_3/Sbox/SBox.vhd 2016/02/16.16:38:38 P.58f
EN work/SBox 1455716330 \
      FL C:/Xilinx/Projets/AES_Group_3/AES_Group_3/Sbox/SBox.vhd \
      PB ieee/std_logic_1164 1364358218
AR work/SBox/RTL 1455716331 \
      FL C:/Xilinx/Projets/AES_Group_3/AES_Group_3/Sbox/SBox.vhd EN work/SBox 1455716330 \
      CP work/MDelta CP work/MDeltaAffine CP work/Mux2 CP work/Latch4 \
      CP work/SquareX CP work/Mlamda CP work/Bit4Mul CP work/Invert CP work/Latch8 \
      CP work/IDeltaAffine CP work/IDelta
