V3 55
FL C:/Xilinx/Projets/AES_Group_3/AES_Group_3/Sbox/Functions/Bit2Mul.vhd 2016/02/14.17:45:15 P.58f
EN work/Bit2Mul 1455636400 \
      FL C:/Xilinx/Projets/AES_Group_3/AES_Group_3/Sbox/Functions/Bit2Mul.vhd \
      PB ieee/std_logic_1164 1364358218
AR work/Bit2Mul/RTL 1455636401 \
      FL C:/Xilinx/Projets/AES_Group_3/AES_Group_3/Sbox/Functions/Bit2Mul.vhd \
      EN work/Bit2Mul 1455636400
FL C:/Xilinx/Projets/AES_Group_3/AES_Group_3/Sbox/Functions/Bit4Mul.vhd 2016/02/16.15:23:46 P.58f
EN work/Bit4Mul 1455636416 \
      FL C:/Xilinx/Projets/AES_Group_3/AES_Group_3/Sbox/Functions/Bit4Mul.vhd \
      PB ieee/std_logic_1164 1364358218
AR work/Bit4Mul/RTL 1455636417 \
      FL C:/Xilinx/Projets/AES_Group_3/AES_Group_3/Sbox/Functions/Bit4Mul.vhd \
      EN work/Bit4Mul 1455636416 CP work/Bit2Mul CP work/Phi
FL C:/Xilinx/Projets/AES_Group_3/AES_Group_3/Sbox/Functions/IDelta.vhd 2016/02/16.15:26:12 P.58f
EN work/IDelta 1455636424 \
      FL C:/Xilinx/Projets/AES_Group_3/AES_Group_3/Sbox/Functions/IDelta.vhd \
      PB ieee/std_logic_1164 1364358218
AR work/IDelta/RTL 1455636425 \
      FL C:/Xilinx/Projets/AES_Group_3/AES_Group_3/Sbox/Functions/IDelta.vhd \
      EN work/IDelta 1455636424
FL C:/Xilinx/Projets/AES_Group_3/AES_Group_3/Sbox/Functions/IDeltaAffine.vhd 2016/02/16.15:25:57 P.58f
EN work/IDeltaAffine 1455636422 \
      FL C:/Xilinx/Projets/AES_Group_3/AES_Group_3/Sbox/Functions/IDeltaAffine.vhd \
      PB ieee/std_logic_1164 1364358218
AR work/IDeltaAffine/RTL 1455636423 \
      FL C:/Xilinx/Projets/AES_Group_3/AES_Group_3/Sbox/Functions/IDeltaAffine.vhd \
      EN work/IDeltaAffine 1455636422
FL C:/Xilinx/Projets/AES_Group_3/AES_Group_3/Sbox/Functions/Invert.vhd 2016/02/15.13:01:59 P.58f
EN work/Invert 1455636418 \
      FL C:/Xilinx/Projets/AES_Group_3/AES_Group_3/Sbox/Functions/Invert.vhd \
      PB ieee/std_logic_1164 1364358218
AR work/Invert/RTL 1455636419 \
      FL C:/Xilinx/Projets/AES_Group_3/AES_Group_3/Sbox/Functions/Invert.vhd \
      EN work/Invert 1455636418
FL C:/Xilinx/Projets/AES_Group_3/AES_Group_3/Sbox/Functions/Latch.vhd 2016/02/16.15:19:12 P.58f
EN work/Latch4 1455636410 \
      FL C:/Xilinx/Projets/AES_Group_3/AES_Group_3/Sbox/Functions/Latch.vhd \
      PB ieee/std_logic_1164 1364358218
AR work/Latch4/RTL 1455636411 \
      FL C:/Xilinx/Projets/AES_Group_3/AES_Group_3/Sbox/Functions/Latch.vhd \
      EN work/Latch4 1455636410
FL C:/Xilinx/Projets/AES_Group_3/AES_Group_3/Sbox/Functions/Latch8.vhd 2016/02/16.15:25:24 P.58f
EN work/Latch8 1455636420 \
      FL C:/Xilinx/Projets/AES_Group_3/AES_Group_3/Sbox/Functions/Latch8.vhd \
      PB ieee/std_logic_1164 1364358218
AR work/Latch8/RTL 1455636421 \
      FL C:/Xilinx/Projets/AES_Group_3/AES_Group_3/Sbox/Functions/Latch8.vhd \
      EN work/Latch8 1455636420
FL C:/Xilinx/Projets/AES_Group_3/AES_Group_3/Sbox/Functions/MDelta.vhd 2016/02/16.15:15:42 P.58f
EN work/MDelta 1455636404 \
      FL C:/Xilinx/Projets/AES_Group_3/AES_Group_3/Sbox/Functions/MDelta.vhd \
      PB ieee/std_logic_1164 1364358218
AR work/MDelta/RTL 1455636405 \
      FL C:/Xilinx/Projets/AES_Group_3/AES_Group_3/Sbox/Functions/MDelta.vhd \
      EN work/MDelta 1455636404
FL C:/Xilinx/Projets/AES_Group_3/AES_Group_3/Sbox/Functions/MDeltaAffine.vhd 2016/02/16.15:15:43 P.58f
EN work/MDeltaAffine 1455636406 \
      FL C:/Xilinx/Projets/AES_Group_3/AES_Group_3/Sbox/Functions/MDeltaAffine.vhd \
      PB ieee/std_logic_1164 1364358218
AR work/MDeltaAffine/RTL 1455636407 \
      FL C:/Xilinx/Projets/AES_Group_3/AES_Group_3/Sbox/Functions/MDeltaAffine.vhd \
      EN work/MDeltaAffine 1455636406
FL C:/Xilinx/Projets/AES_Group_3/AES_Group_3/Sbox/Functions/MultiplyLamda.vhd 2016/02/16.15:20:20 P.58f
EN work/MLamda 1455636414 \
      FL C:/Xilinx/Projets/AES_Group_3/AES_Group_3/Sbox/Functions/MultiplyLamda.vhd \
      PB ieee/std_logic_1164 1364358218
AR work/MLamda/RTL 1455636415 \
      FL C:/Xilinx/Projets/AES_Group_3/AES_Group_3/Sbox/Functions/MultiplyLamda.vhd \
      EN work/MLamda 1455636414
FL C:/Xilinx/Projets/AES_Group_3/AES_Group_3/Sbox/Functions/Mux2-1.vhd 2016/02/16.15:16:23 P.58f
EN work/Mux2 1455636408 \
      FL C:/Xilinx/Projets/AES_Group_3/AES_Group_3/Sbox/Functions/Mux2-1.vhd \
      PB ieee/std_logic_1164 1364358218
AR work/Mux2/RTL 1455636409 \
      FL C:/Xilinx/Projets/AES_Group_3/AES_Group_3/Sbox/Functions/Mux2-1.vhd \
      EN work/Mux2 1455636408
FL C:/Xilinx/Projets/AES_Group_3/AES_Group_3/Sbox/Functions/Phi.vhd 2016/02/14.16:55:23 P.58f
EN work/Phi 1455636402 \
      FL C:/Xilinx/Projets/AES_Group_3/AES_Group_3/Sbox/Functions/Phi.vhd \
      PB ieee/std_logic_1164 1364358218
AR work/Phi/RTL 1455636403 \
      FL C:/Xilinx/Projets/AES_Group_3/AES_Group_3/Sbox/Functions/Phi.vhd \
      EN work/Phi 1455636402
FL C:/Xilinx/Projets/AES_Group_3/AES_Group_3/Sbox/Functions/SquareX.vhd 2016/02/16.15:19:07 P.58f
EN work/SquareX 1455636412 \
      FL C:/Xilinx/Projets/AES_Group_3/AES_Group_3/Sbox/Functions/SquareX.vhd \
      PB ieee/std_logic_1164 1364358218
AR work/SquareX/RTL 1455636413 \
      FL C:/Xilinx/Projets/AES_Group_3/AES_Group_3/Sbox/Functions/SquareX.vhd \
      EN work/SquareX 1455636412
FL C:/Xilinx/Projets/AES_Group_3/AES_Group_3/Sbox/SBox.vhd 2016/02/16.15:15:41 P.58f
EN work/SBox 1455636426 \
      FL C:/Xilinx/Projets/AES_Group_3/AES_Group_3/Sbox/SBox.vhd \
      PB ieee/std_logic_1164 1364358218
AR work/SBox/RTL 1455636427 \
      FL C:/Xilinx/Projets/AES_Group_3/AES_Group_3/Sbox/SBox.vhd EN work/SBox 1455636426 \
      CP work/MDelta CP work/MDeltaAffine CP work/Mux2 CP work/Latch4 \
      CP work/SquareX CP work/Mlamda CP work/Bit4Mul CP work/Invert CP work/Latch8 \
      CP work/IDeltaAffine CP work/IDelta
