V3 55
FL C:/Xilinx/Projets/AES_Group_3/AES_Group_3/Sbox/Functions/Bit2Mul.vhd 2016/02/14.17:45:15 P.58f
EN work/Bit2Mul 1455632185 \
      FL C:/Xilinx/Projets/AES_Group_3/AES_Group_3/Sbox/Functions/Bit2Mul.vhd \
      PB ieee/std_logic_1164 1364358218
AR work/Bit2Mul/RTL 1455632186 \
      FL C:/Xilinx/Projets/AES_Group_3/AES_Group_3/Sbox/Functions/Bit2Mul.vhd \
      EN work/Bit2Mul 1455632185
FL C:/Xilinx/Projets/AES_Group_3/AES_Group_3/Sbox/Functions/Bit4Mul.vhd 2016/02/16.14:16:20 P.58f
EN work/Bit4Mul 1455632189 \
      FL C:/Xilinx/Projets/AES_Group_3/AES_Group_3/Sbox/Functions/Bit4Mul.vhd \
      PB ieee/std_logic_1164 1364358218
AR work/Bit4Mul/RTL 1455632190 \
      FL C:/Xilinx/Projets/AES_Group_3/AES_Group_3/Sbox/Functions/Bit4Mul.vhd \
      EN work/Bit4Mul 1455632189 CP work/Bit2Mul CP work/Phi
FL C:/Xilinx/Projets/AES_Group_3/AES_Group_3/Sbox/Functions/IDelta.vhd 2016/02/13.16:18:17 P.58f
EN work/IDelta 0 \
      FL C:/Xilinx/Projets/AES_Group_3/AES_Group_3/Sbox/Functions/IDelta.vhd \
      PB ieee/std_logic_1164 1364358218
AR work/IDelta/RTL 0 \
      FL C:/Xilinx/Projets/AES_Group_3/AES_Group_3/Sbox/Functions/IDelta.vhd \
      EN work/IDelta 0
FL C:/Xilinx/Projets/AES_Group_3/AES_Group_3/Sbox/Functions/IDeltaAffine.vhd 2016/02/13.15:59:49 P.58f
EN work/IDeltaAffine 0 \
      FL C:/Xilinx/Projets/AES_Group_3/AES_Group_3/Sbox/Functions/IDeltaAffine.vhd \
      PB ieee/std_logic_1164 1364358218
AR work/IDeltaAffine/RTL 0 \
      FL C:/Xilinx/Projets/AES_Group_3/AES_Group_3/Sbox/Functions/IDeltaAffine.vhd \
      EN work/IDeltaAffine 0
FL C:/Xilinx/Projets/AES_Group_3/AES_Group_3/Sbox/Functions/Invert.vhd 2016/02/15.13:01:59 P.58f
EN work/Invert 0 \
      FL C:/Xilinx/Projets/AES_Group_3/AES_Group_3/Sbox/Functions/Invert.vhd \
      PB ieee/std_logic_1164 1364358218
AR work/Invert/RTL 0 \
      FL C:/Xilinx/Projets/AES_Group_3/AES_Group_3/Sbox/Functions/Invert.vhd \
      EN work/Invert 0
FL C:/Xilinx/Projets/AES_Group_3/AES_Group_3/Sbox/Functions/Latch.vhd 2016/02/13.15:20:24 P.58f
EN work/Latch4 1455632005 \
      FL C:/Xilinx/Projets/AES_Group_3/AES_Group_3/Sbox/Functions/Latch.vhd \
      PB ieee/std_logic_1164 1364358218
AR work/Latch4/RTL 1455632006 \
      FL C:/Xilinx/Projets/AES_Group_3/AES_Group_3/Sbox/Functions/Latch.vhd \
      EN work/Latch4 1455632005
FL C:/Xilinx/Projets/AES_Group_3/AES_Group_3/Sbox/Functions/Latch8.vhd 2016/02/13.15:21:57 P.58f
EN work/Latch8 0 \
      FL C:/Xilinx/Projets/AES_Group_3/AES_Group_3/Sbox/Functions/Latch8.vhd \
      PB ieee/std_logic_1164 1364358218
AR work/Latch8/RTL 0 \
      FL C:/Xilinx/Projets/AES_Group_3/AES_Group_3/Sbox/Functions/Latch8.vhd \
      EN work/Latch8 0
FL C:/Xilinx/Projets/AES_Group_3/AES_Group_3/Sbox/Functions/MDelta.vhd 2016/02/13.15:50:29 P.58f
EN work/MDelta 1455631999 \
      FL C:/Xilinx/Projets/AES_Group_3/AES_Group_3/Sbox/Functions/MDelta.vhd \
      PB ieee/std_logic_1164 1364358218
AR work/MDelta/RTL 1455632000 \
      FL C:/Xilinx/Projets/AES_Group_3/AES_Group_3/Sbox/Functions/MDelta.vhd \
      EN work/MDelta 1455631999
FL C:/Xilinx/Projets/AES_Group_3/AES_Group_3/Sbox/Functions/MDeltaAffine.vhd 2016/02/13.16:16:45 P.58f
EN work/MDeltaAffine 1455632001 \
      FL C:/Xilinx/Projets/AES_Group_3/AES_Group_3/Sbox/Functions/MDeltaAffine.vhd \
      PB ieee/std_logic_1164 1364358218
AR work/MDeltaAffine/RTL 1455632002 \
      FL C:/Xilinx/Projets/AES_Group_3/AES_Group_3/Sbox/Functions/MDeltaAffine.vhd \
      EN work/MDeltaAffine 1455632001
FL C:/Xilinx/Projets/AES_Group_3/AES_Group_3/Sbox/Functions/MultiplyLamda.vhd 2016/02/15.11:40:45 P.58f
EN work/MLamda 1455632009 \
      FL C:/Xilinx/Projets/AES_Group_3/AES_Group_3/Sbox/Functions/MultiplyLamda.vhd \
      PB ieee/std_logic_1164 1364358218
AR work/MLamda/RTL 1455632010 \
      FL C:/Xilinx/Projets/AES_Group_3/AES_Group_3/Sbox/Functions/MultiplyLamda.vhd \
      EN work/MLamda 1455632009
FL C:/Xilinx/Projets/AES_Group_3/AES_Group_3/Sbox/Functions/Mux2-1.vhd 2016/02/13.14:58:57 P.58f
EN work/Mux2 1455632003 \
      FL C:/Xilinx/Projets/AES_Group_3/AES_Group_3/Sbox/Functions/Mux2-1.vhd \
      PB ieee/std_logic_1164 1364358218
AR work/Mux2/RTL 1455632004 \
      FL C:/Xilinx/Projets/AES_Group_3/AES_Group_3/Sbox/Functions/Mux2-1.vhd \
      EN work/Mux2 1455632003
FL C:/Xilinx/Projets/AES_Group_3/AES_Group_3/Sbox/Functions/Phi.vhd 2016/02/14.16:55:23 P.58f
EN work/Phi 1455632187 \
      FL C:/Xilinx/Projets/AES_Group_3/AES_Group_3/Sbox/Functions/Phi.vhd \
      PB ieee/std_logic_1164 1364358218
AR work/Phi/RTL 1455632188 \
      FL C:/Xilinx/Projets/AES_Group_3/AES_Group_3/Sbox/Functions/Phi.vhd \
      EN work/Phi 1455632187
FL C:/Xilinx/Projets/AES_Group_3/AES_Group_3/Sbox/Functions/SquareX.vhd 2016/02/14.18:55:40 P.58f
EN work/SquareX 1455632007 \
      FL C:/Xilinx/Projets/AES_Group_3/AES_Group_3/Sbox/Functions/SquareX.vhd \
      PB ieee/std_logic_1164 1364358218
AR work/SquareX/RTL 1455632008 \
      FL C:/Xilinx/Projets/AES_Group_3/AES_Group_3/Sbox/Functions/SquareX.vhd \
      EN work/SquareX 1455632007
FL C:/Xilinx/Projets/AES_Group_3/AES_Group_3/Sbox/SBox.vhd 2016/02/15.16:40:34 P.58f
EN work/SBox 0 FL C:/Xilinx/Projets/AES_Group_3/AES_Group_3/Sbox/SBox.vhd \
      PB ieee/std_logic_1164 1364358218
AR work/SBox/RTL 0 \
      FL C:/Xilinx/Projets/AES_Group_3/AES_Group_3/Sbox/SBox.vhd EN work/SBox 0 \
      CP work/MDelta CP work/MDeltaAffine CP work/Mux2 CP work/Latch4 \
      CP work/SquareX CP work/Mlamda CP work/Bit4Mul CP work/Invert CP work/Latch8 \
      CP work/IDeltaAffine CP work/IDelta
